// Jest Snapshot v1, https://goo.gl/fbAQLP

exports[`<Tag /> matches snapshot 1`] = `
<div>
  <span
    class="tag css-3yrqyb-tag-tag"
    id="tag-1"
    style="background-color: purple; color: white;"
  >
    This is a tag
  </span>
</div>
`;
