// Jest Snapshot v1, https://goo.gl/fbAQLP

exports[`<Dropdown /> opens the dropdown and matches snapshot 1`] = `
<div>
  <div
    class="dropdown css-s6eb27-DropdownContainer-DropdownContainer"
    tabindex="0"
  >
    <div
      class="dropdown-button is-active"
    >
      <button
        class="solid css-z4fqld-baseButton-baseButton-solidButton-solidButton-outlineButton-outlineButton-ghostButton-ghostButton-linkButton-linkButton-iconBeforeButton-iconBeforeButton-iconAfterButton-iconAfterButton-btnContainer-btnContainer"
      >
        <span
          class="btn-text"
        >
          Toggle
        </span>
      </button>
    </div>
    <div
      class="dropdown-wrapper bottom-start"
    >
      <ul
        class="dropdown-list css-1an3w4m-DropdownList-DropdownList"
        role="list"
      >
        <li
          class="css-rndanj-DropdownTitle-DropdownTitle"
        >
          <span
            class="css-mproha-textContainer-textContainer"
            data-testid="text-component"
            title="Category 1"
          >
            Category 1
          </span>
        </li>
        <li
          class="1 dropdown-list-item css-12omqks-DropdownListItem-DropdownListItem"
          tabindex="0"
        >
          <div
            aria-expanded="false"
            class="tooltip-content-wrapper"
            role="tooltip"
          >
            <span
              class="css-1by32j1-textContainer-textContainer"
              data-testid="text-component"
              title="Option 1"
            >
              Option 1
            </span>
          </div>
        </li>
        <li
          class="css-1mnx8ve-DropdownTitle-DropdownTitle"
        >
          <span
            class="css-mproha-textContainer-textContainer"
            data-testid="text-component"
            title="Category 2"
          >
            Category 2
          </span>
        </li>
        <li
          class="2 dropdown-list-item css-mrayhu-DropdownListItem-DropdownListItem"
          tabindex="0"
        >
          <div
            aria-expanded="false"
            class="tooltip-content-wrapper"
            role="tooltip"
          >
            <span
              class="css-1by32j1-textContainer-textContainer"
              data-testid="text-component"
              title="Option 2"
            >
              Option 2
            </span>
          </div>
        </li>
        <li
          class="3 dropdown-list-item css-mrayhu-DropdownListItem-DropdownListItem"
          tabindex="0"
        >
          <div
            aria-expanded="false"
            class="tooltip-content-wrapper"
            role="tooltip"
          >
            <span
              class="css-1by32j1-textContainer-textContainer"
              data-testid="text-component"
              title="Option 3"
            >
              Option 3
            </span>
          </div>
        </li>
        <li
          class="css-rndanj-DropdownTitle-DropdownTitle"
        >
          <span
            class="css-mproha-textContainer-textContainer"
            data-testid="text-component"
            title="Category 15"
          >
            Category 15
          </span>
        </li>
        <li
          class="15 dropdown-list-item css-12omqks-DropdownListItem-DropdownListItem"
          tabindex="0"
        >
          <div
            aria-expanded="false"
            class="tooltip-content-wrapper"
            role="tooltip"
          >
            <span
              class="css-1by32j1-textContainer-textContainer"
              data-testid="text-component"
              title="Option 15"
            >
              Option 15
            </span>
          </div>
        </li>
        <li
          class="16 dropdown-list-item css-12omqks-DropdownListItem-DropdownListItem"
          tabindex="0"
        >
          <div
            aria-expanded="false"
            class="tooltip-content-wrapper"
            role="tooltip"
          >
            <span
              class="css-1by32j1-textContainer-textContainer"
              data-testid="text-component"
              title="Option 16"
            >
              Option 16
            </span>
          </div>
        </li>
        <li
          class="5 dropdown-list-item css-1hv1td9-DropdownListItem-DropdownListItem"
          tabindex="0"
        >
          <div
            aria-expanded="false"
            class="tooltip-content-wrapper"
            role="tooltip"
          >
            <span
              class="css-1by32j1-textContainer-textContainer"
              data-testid="text-component"
              title="Option 5"
            >
              Option 5
            </span>
          </div>
        </li>
      </ul>
    </div>
  </div>
</div>
`;
