// Jest Snapshot v1, https://goo.gl/fbAQLP

exports[`<Heading> snapshot 1`] = `
<div>
  <h1
    class="css-5rrfiq-headingContainer-headingContainer"
  >
    My title
  </h1>
</div>
`;
