// Jest Snapshot v1, https://goo.gl/fbAQLP

exports[`Forms: <Error /> matches snapshot 1`] = `
<div>
  <div
    class="error css-49rein-inputError-inputError"
    id="important-error"
  >
    Something went wrong
  </div>
</div>
`;
