// Jest Snapshot v1, https://goo.gl/fbAQLP

exports[`Forms: <FormError /> matches snapshot 1`] = `
<div>
  <article
    class="error-wrapper css-1g7t4ds-errorContainer-errorContainer"
    id="main-error"
  >
    Something went wrong
  </article>
</div>
`;
