// Jest Snapshot v1, https://goo.gl/fbAQLP

exports[`<ProgressBar /> matches snapshot 1`] = `
<div>
  <div
    class="progress css-ocyx8f-container-container"
    id="my-progress-1"
  >
    <div>
      75
      %
    </div>
  </div>
</div>
`;

exports[`<ProgressBar /> matches snapshot with zero percent 1`] = `
<div>
  <div
    class="css-f3opwn-container-container"
  >
    <div>
      0
      %
    </div>
  </div>
</div>
`;
