// Jest Snapshot v1, https://goo.gl/fbAQLP

exports[`<Tooltip/> matches snapshot 1`] = `
<div>
  <div
    aria-expanded="false"
  >
    <button>
      test hover
    </button>
  </div>
</div>
`;
