// Jest Snapshot v1, https://goo.gl/fbAQLP

exports[`<Text> snapshot 1`] = `
<div>
  <span
    class="my-class css-1jr9658-textContainer-textContainer"
    data-testid="text-component"
    id="my-id"
  >
    My content.
  </span>
</div>
`;
