// Jest Snapshot v1, https://goo.gl/fbAQLP

exports[`<Input /> matches snapshot 1`] = `
<div>
  <div
    class="container-classname css-1it7k89-inputContainerBaseStyles-inputContainerBaseStyles-inputBaseStyles-inputBaseStyles-inputContainer-inputContainer"
    id="container-id"
  >
    <label
      class="css-xs6o3g-label-label"
      for="my-input-id"
    >
      Test label
    </label>
    <div
      class="input-wrapper"
    >
      <input
        class="input"
        id="my-input-id"
        name="test-input"
      />
      <span
        class="suffix-icon"
        data-testid="input-icon-after"
      >
        <svg-file-stub
          height="32"
        />
      </span>
    </div>
  </div>
</div>
`;
