// Jest Snapshot v1, https://goo.gl/fbAQLP

exports[`<Textarea /> matches snapshot 1`] = `
<div>
  <div
    class="valid textarea-container-class css-11n4xhq-inputContainerBaseStyles-inputContainerBaseStyles-inputBaseStyles-inputBaseStyles-textareaContainer-textareaContainer"
    id="textarea-container-id"
  >
    <label
      class="css-xs6o3g-label-label"
      for="my-textarea-id"
    >
      Test textarea
    </label>
    <textarea
      class="textarea-class"
      id="my-textarea-id"
      name="test"
    />
  </div>
</div>
`;
