// Jest Snapshot v1, https://goo.gl/fbAQLP

exports[`<Pagination /> matches snapshot with on page 1`] = `
<div>
  <div
    class="html-class css-1de41tm-container-container"
    id="my-id"
  >
    <button
      class="previous-page-btn solid css-hhqmb3-baseButton-baseButton-solidButton-solidButton-outlineButton-outlineButton-ghostButton-ghostButton-linkButton-linkButton-iconBeforeButton-iconBeforeButton-iconAfterButton-iconAfterButton-btnContainer-btnContainer"
      data-testid="previous-page-btn"
      name="Previous page"
    >
      <span
        class="btn-text"
      >
        <svg-file-stub
          height="22"
        />
      </span>
    </button>
    <div
      class="pagination-options"
    >
      <button
        class="ghost css-1030g3v-baseButton-baseButton-solidButton-solidButton-outlineButton-outlineButton-ghostButton-ghostButton-linkButton-linkButton-iconBeforeButton-iconBeforeButton-iconAfterButton-iconAfterButton-btnContainer-btnContainer"
        data-testid="pagination-page"
        id="1"
        type="button"
      >
        <span
          class="btn-text"
        >
          1
        </span>
      </button>
      <button
        class="isActive ghost css-1030g3v-baseButton-baseButton-solidButton-solidButton-outlineButton-outlineButton-ghostButton-ghostButton-linkButton-linkButton-iconBeforeButton-iconBeforeButton-iconAfterButton-iconAfterButton-btnContainer-btnContainer"
        data-testid="pagination-page"
        id="2"
        type="button"
      >
        <span
          class="btn-text"
        >
          2
        </span>
      </button>
      <button
        class="ghost css-1030g3v-baseButton-baseButton-solidButton-solidButton-outlineButton-outlineButton-ghostButton-ghostButton-linkButton-linkButton-iconBeforeButton-iconBeforeButton-iconAfterButton-iconAfterButton-btnContainer-btnContainer"
        data-testid="pagination-page"
        id="3"
        type="button"
      >
        <span
          class="btn-text"
        >
          3
        </span>
      </button>
      <button
        class="ghost css-1030g3v-baseButton-baseButton-solidButton-solidButton-outlineButton-outlineButton-ghostButton-ghostButton-linkButton-linkButton-iconBeforeButton-iconBeforeButton-iconAfterButton-iconAfterButton-btnContainer-btnContainer"
        data-testid="pagination-page"
        id="4"
        type="button"
      >
        <span
          class="btn-text"
        >
          4
        </span>
      </button>
      <button
        class="ghost css-1030g3v-baseButton-baseButton-solidButton-solidButton-outlineButton-outlineButton-ghostButton-ghostButton-linkButton-linkButton-iconBeforeButton-iconBeforeButton-iconAfterButton-iconAfterButton-btnContainer-btnContainer"
        data-testid="pagination-page"
        id="5"
        type="button"
      >
        <span
          class="btn-text"
        >
          5
        </span>
      </button>
      <button
        class="ghost css-1030g3v-baseButton-baseButton-solidButton-solidButton-outlineButton-outlineButton-ghostButton-ghostButton-linkButton-linkButton-iconBeforeButton-iconBeforeButton-iconAfterButton-iconAfterButton-btnContainer-btnContainer"
        data-testid="pagination-page"
        id="6"
        type="button"
      >
        <span
          class="btn-text"
        >
          6
        </span>
      </button>
    </div>
    <button
      class="next-page-btn solid css-hhqmb3-baseButton-baseButton-solidButton-solidButton-outlineButton-outlineButton-ghostButton-ghostButton-linkButton-linkButton-iconBeforeButton-iconBeforeButton-iconAfterButton-iconAfterButton-btnContainer-btnContainer"
      data-testid="next-page-btn"
      name="Next page"
    >
      <span
        class="btn-text"
      >
        <svg-file-stub
          height="22"
        />
      </span>
    </button>
  </div>
</div>
`;
