// Jest Snapshot v1, https://goo.gl/fbAQLP

exports[`<Badge /> matches snapshot 1`] = `
<div>
  <span
    class="css-wwgfje-container-container"
  >
    Messages
  </span>
</div>
`;
