// Jest Snapshot v1, https://goo.gl/fbAQLP

exports[`<Heading> snapshot 1`] = `
<div>
  <h2
    class="heading css-1iyd91n-headingContainer-headingContainer"
    id="my-heading"
  >
    My title
  </h2>
</div>
`;
